creates a ClusterRole:
  1: |
    apiVersion: rbac.authorization.k8s.io/v1
    kind: ClusterRole
    metadata:
      name: RELEASE-NAME
    rules:
    - apiGroups:
      - ""
      resources:
      - users
      - groups
      - serviceaccounts
      verbs:
      - impersonate
    - apiGroups:
      - ""
      resources:
      - pods
      verbs:
      - get
    - apiGroups:
      - authorization.k8s.io
      resources:
      - selfsubjectaccessreviews
      verbs:
      - create
sets ClusterRole labels when specified:
  1: |
    apiVersion: rbac.authorization.k8s.io/v1
    kind: ClusterRole
    metadata:
      labels:
        app.kubernetes.io/name: teleport-kube-agent
        resource: clusterrole
      name: RELEASE-NAME
    rules:
    - apiGroups:
      - ""
      resources:
      - users
      - groups
      - serviceaccounts
      verbs:
      - impersonate
    - apiGroups:
      - ""
      resources:
      - pods
      verbs:
      - get
    - apiGroups:
      - authorization.k8s.io
      resources:
      - selfsubjectaccessreviews
      verbs:
      - create
