creates a PodSecurityPolicy when enabled in values:
  1: |
    apiVersion: policy/v1beta1
    kind: PodSecurityPolicy
    metadata:
      annotations:
        seccomp.security.alpha.kubernetes.io/allowedProfileNames: docker/default,runtime/default
        seccomp.security.alpha.kubernetes.io/defaultProfileName: runtime/default
      name: RELEASE-NAME
    spec:
      allowPrivilegeEscalation: false
      fsGroup:
        ranges:
        - max: 65535
          min: 1
        rule: MustRunAs
      hostIPC: false
      hostNetwork: false
      hostPID: false
      privileged: false
      readOnlyRootFilesystem: true
      requiredDropCapabilities:
      - ALL
      runAsUser:
        rule: MustRunAsNonRoot
      seLinux:
        rule: RunAsAny
      supplementalGroups:
        ranges:
        - max: 65535
          min: 1
        rule: MustRunAs
      volumes:
      - '*'
sets PodSecurityPolicy labels when specified:
  1: |
    apiVersion: policy/v1beta1
    kind: PodSecurityPolicy
    metadata:
      annotations:
        seccomp.security.alpha.kubernetes.io/allowedProfileNames: docker/default,runtime/default
        seccomp.security.alpha.kubernetes.io/defaultProfileName: runtime/default
      labels:
        app.kubernetes.io/name: teleport-kube-agent
        resource: podsecuritypolicy
      name: RELEASE-NAME
    spec:
      allowPrivilegeEscalation: false
      fsGroup:
        ranges:
        - max: 65535
          min: 1
        rule: MustRunAs
      hostIPC: false
      hostNetwork: false
      hostPID: false
      privileged: false
      readOnlyRootFilesystem: true
      requiredDropCapabilities:
      - ALL
      runAsUser:
        rule: MustRunAsNonRoot
      seLinux:
        rule: RunAsAny
      supplementalGroups:
        ranges:
        - max: 65535
          min: 1
        rule: MustRunAs
      volumes:
      - '*'
