creates a Role:
  1: |
    apiVersion: rbac.authorization.k8s.io/v1
    kind: Role
    metadata:
      name: RELEASE-NAME
      namespace: NAMESPACE
    rules:
    - apiGroups:
      - ""
      resources:
      - secrets
      verbs:
      - create
      - get
      - update
      - patch
sets Role labels when specified:
  1: |
    apiVersion: rbac.authorization.k8s.io/v1
    kind: Role
    metadata:
      labels:
        app.kubernetes.io/name: teleport-kube-agent
        resource: role
      name: RELEASE-NAME
      namespace: NAMESPACE
    rules:
    - apiGroups:
      - ""
      resources:
      - secrets
      verbs:
      - create
      - get
      - update
      - patch
